[    0.000000] Linux version 4.15.0-38-generic (buildd@lcy01-amd64-023) (gcc version 7.3.0 (Ubuntu 7.3.0-16ubuntu3)) #41-Ubuntu SMP Wed Oct 10 10:59:38 UTC 2018 (Ubuntu 4.15.0-38.41-generic 4.15.18)
[    0.000000] Command line: BOOT_IMAGE=/boot/vmlinuz-4.15.0-38-generic root=LABEL=cloudimg-rootfs ro console=tty1 console=ttyS0
[    0.000000] KERNEL supported cpus:
[    0.000000]   Intel GenuineIntel
[    0.000000]   AMD AuthenticAMD
[    0.000000]   Centaur CentaurHauls
[    0.000000] x86/fpu: Supporting XSAVE feature 0x001: 'x87 floating point registers'
[    0.000000] x86/fpu: Supporting XSAVE feature 0x002: 'SSE registers'
[    0.000000] x86/fpu: Supporting XSAVE feature 0x004: 'AVX registers'
[    0.000000] x86/fpu: xstate_offset[2]:  576, xstate_sizes[2]:  256
[    0.000000] x86/fpu: Enabled xstate features 0x7, context size is 832 bytes, using 'standard' format.
[    0.000000] e820: BIOS-provided physical RAM map:
[    0.000000] BIOS-e820: [mem 0x0000000000000000-0x000000000009fbff] usable
[    0.000000] BIOS-e820: [mem 0x000000000009fc00-0x000000000009ffff] reserved
[    0.000000] BIOS-e820: [mem 0x00000000000f0000-0x00000000000fffff] reserved
[    0.000000] BIOS-e820: [mem 0x0000000000100000-0x000000007ffeffff] usable
[    0.000000] BIOS-e820: [mem 0x000000007fff0000-0x000000007fffffff] ACPI data
[    0.000000] BIOS-e820: [mem 0x00000000fec00000-0x00000000fec00fff] reserved
[    0.000000] BIOS-e820: [mem 0x00000000fee00000-0x00000000fee00fff] reserved
[    0.000000] BIOS-e820: [mem 0x00000000fffc0000-0x00000000ffffffff] reserved
[    0.000000] NX (Execute Disable) protection: active
[    0.000000] SMBIOS 2.5 present.
[    0.000000] DMI: innotek GmbH VirtualBox/VirtualBox, BIOS VirtualBox 12/01/2006
[    0.000000] Hypervisor detected: KVM
[    0.000000] e820: last_pfn = 0x7fff0 max_arch_pfn = 0x400000000
[    0.000000] MTRR: Disabled
[    0.000000] x86/PAT: MTRRs disabled, skipping PAT initialization too.
[    0.000000] CPU MTRRs all blank - virtualized system.
[    0.000000] x86/PAT: Configuration [0-7]: WB  WT  UC- UC  WB  WT  UC- UC  
[    0.000000] found SMP MP-table at [mem 0x0009fff0-0x0009ffff] mapped at [        (ptrval)]
[    0.000000] Scanning 1 areas for low memory corruption
[    0.000000] RAMDISK: [mem 0x35ae3000-0x36d68fff]
[    0.000000] ACPI: Early table checksum verification disabled
[    0.000000] ACPI: RSDP 0x00000000000E0000 000024 (v02 VBOX  )
[    0.000000] ACPI: XSDT 0x000000007FFF0030 00003C (v01 VBOX   VBOXXSDT 00000001 ASL  00000061)
[    0.000000] ACPI: FACP 0x000000007FFF00F0 0000F4 (v04 VBOX   VBOXFACP 00000001 ASL  00000061)
[    0.000000] ACPI: DSDT 0x000000007FFF0470 0021FF (v02 VBOX   VBOXBIOS 00000002 INTL 20180105)
[    0.000000] ACPI: FACS 0x000000007FFF0200 000040
[    0.000000] ACPI: FACS 0x000000007FFF0200 000040
[    0.000000] ACPI: APIC 0x000000007FFF0240 00005C (v02 VBOX   VBOXAPIC 00000001 ASL  00000061)
[    0.000000] ACPI: SSDT 0x000000007FFF02A0 0001CC (v01 VBOX   VBOXCPUT 00000002 INTL 20180105)
[    0.000000] No NUMA configuration found
[    0.000000] Faking a node at [mem 0x0000000000000000-0x000000007ffeffff]
[    0.000000] NODE_DATA(0) allocated [mem 0x7ffc5000-0x7ffeffff]
[    0.000000] kvm-clock: cpu 0, msr 0:7ff44001, primary cpu clock
[    0.000000] kvm-clock: Using msrs 4b564d01 and 4b564d00
[    0.000000] kvm-clock: using sched offset of 15161898731 cycles
[    0.000000] clocksource: kvm-clock: mask: 0xffffffffffffffff max_cycles: 0x1cd42e4dffb, max_idle_ns: 881590591483 ns
[    0.000000] Zone ranges:
[    0.000000]   DMA      [mem 0x0000000000001000-0x0000000000ffffff]
[    0.000000]   DMA32    [mem 0x0000000001000000-0x000000007ffeffff]
[    0.000000]   Normal   empty
[    0.000000]   Device   empty
[    0.000000] Movable zone start for each node
[    0.000000] Early memory node ranges
[    0.000000]   node   0: [mem 0x0000000000001000-0x000000000009efff]
[    0.000000]   node   0: [mem 0x0000000000100000-0x000000007ffeffff]
[    0.000000] Initmem setup node 0 [mem 0x0000000000001000-0x000000007ffeffff]
[    0.000000] Reserved but unavailable: 98 pages
[    0.000000] ACPI: PM-Timer IO Port: 0x4008
[    0.000000] IOAPIC[0]: apic_id 2, version 32, address 0xfec00000, GSI 0-23
[    0.000000] ACPI: INT_SRC_OVR (bus 0 bus_irq 0 global_irq 2 dfl dfl)
[    0.000000] ACPI: INT_SRC_OVR (bus 0 bus_irq 9 global_irq 9 low level)
[    0.000000] Using ACPI (MADT) for SMP configuration information
[    0.000000] smpboot: Allowing 2 CPUs, 0 hotplug CPUs
[    0.000000] PM: Registered nosave memory: [mem 0x00000000-0x00000fff]
[    0.000000] PM: Registered nosave memory: [mem 0x0009f000-0x0009ffff]
[    0.000000] PM: Registered nosave memory: [mem 0x000a0000-0x000effff]
[    0.000000] PM: Registered nosave memory: [mem 0x000f0000-0x000fffff]
[    0.000000] e820: [mem 0x80000000-0xfebfffff] available for PCI devices
[    0.000000] Booting paravirtualized kernel on KVM
[    0.000000] clocksource: refined-jiffies: mask: 0xffffffff max_cycles: 0xffffffff, max_idle_ns: 7645519600211568 ns
[    0.000000] random: get_random_bytes called from start_kernel+0x99/0x4fd with crng_init=0
[    0.000000] setup_percpu: NR_CPUS:8192 nr_cpumask_bits:2 nr_cpu_ids:2 nr_node_ids:1
[    0.000000] percpu: Embedded 46 pages/cpu @        (ptrval) s151552 r8192 d28672 u1048576
[    0.000000] PV qspinlock hash table entries: 256 (order: 0, 4096 bytes)
[    0.000000] Built 1 zonelists, mobility grouping on.  Total pages: 515961
[    0.000000] Policy zone: DMA32
[    0.000000] Kernel command line: BOOT_IMAGE=/boot/vmlinuz-4.15.0-38-generic root=LABEL=cloudimg-rootfs ro console=tty1 console=ttyS0
[    0.000000] Memory: 2015808K/2096696K available (12300K kernel code, 2472K rwdata, 4248K rodata, 2408K init, 2416K bss, 80888K reserved, 0K cma-reserved)
[    0.000000] SLUB: HWalign=64, Order=0-3, MinObjects=0, CPUs=2, Nodes=1
[    0.000000] Kernel/User page tables isolation: enabled
[    0.000000] ftrace: allocating 39175 entries in 154 pages
[    0.004000] Hierarchical RCU implementation.
[    0.004000] 	RCU restricting CPUs from NR_CPUS=8192 to nr_cpu_ids=2.
[    0.004000] 	Tasks RCU enabled.
[    0.004000] RCU: Adjusting geometry for rcu_fanout_leaf=16, nr_cpu_ids=2
[    0.004000] NR_IRQS: 524544, nr_irqs: 440, preallocated irqs: 16
[    0.004000] Console: colour VGA+ 80x25
[    0.004000] console [tty1] enabled
[    0.004000] console [ttyS0] enabled
[    0.004000] ACPI: Core revision 20170831
[    0.004000] ACPI: 2 ACPI AML tables successfully acquired and loaded
[    0.004000] APIC: Switch to symmetric I/O mode setup
[    0.009008] x2apic enabled
[    0.012048] Switched APIC routing to physical x2apic.
[    0.041392] ..TIMER: vector=0x30 apic1=0 pin1=2 apic2=-1 pin2=-1
[    0.044004] tsc: Detected 2600.996 MHz processor
[    0.048010] Calibrating delay loop (skipped) preset value.. 5201.99 BogoMIPS (lpj=10403984)
[    0.052006] pid_max: default: 32768 minimum: 301
[    0.056081] Security Framework initialized
[    0.060005] Yama: becoming mindful.
[    0.064057] AppArmor: AppArmor initialized
[    0.077191] Dentry cache hash table entries: 262144 (order: 9, 2097152 bytes)
[    0.084256] Inode-cache hash table entries: 131072 (order: 8, 1048576 bytes)
[    0.088039] Mount-cache hash table entries: 4096 (order: 3, 32768 bytes)
[    0.092028] Mountpoint-cache hash table entries: 4096 (order: 3, 32768 bytes)
[    0.100474] mce: CPU supports 0 MCE banks
[    0.104277] Last level iTLB entries: 4KB 64, 2MB 8, 4MB 8
[    0.108003] Last level dTLB entries: 4KB 64, 2MB 0, 4MB 0, 1GB 4
[    0.112004] Spectre V2 : Mitigation: Full generic retpoline
[    0.116003] Spectre V2 : Spectre v2 / SpectreRSB mitigation: Filling RSB on context switch
[    0.120003] Speculative Store Bypass: Vulnerable
[    0.124083] Freeing SMP alternatives memory: 36K
[    0.132000] smpboot: CPU0: Intel(R) Core(TM) i7-6700HQ CPU @ 2.60GHz (family: 0x6, model: 0x5e, stepping: 0x3)
[    0.132100] Performance Events: unsupported p6 CPU model 94 no PMU driver, software events only.
[    0.136153] Hierarchical SRCU implementation.
[    0.140550] NMI watchdog: Perf event create on CPU 0 failed with -2
[    0.144005] NMI watchdog: Perf NMI watchdog permanently disabled
[    0.148122] smp: Bringing up secondary CPUs ...
[    0.152180] x86: Booting SMP configuration:
[    0.156007] .... node  #0, CPUs:      #1
[    0.004000] kvm-clock: cpu 1, msr 0:7ff44041, secondary cpu clock
[    0.004000] mce: CPU supports 0 MCE banks
[    0.224065] smp: Brought up 1 node, 2 CPUs
[    0.228009] smpboot: Max logical packages: 1
[    0.232006] smpboot: Total of 2 processors activated (10403.98 BogoMIPS)
[    0.240284] devtmpfs: initialized
[    0.244052] x86/mm: Memory block size: 128MB
[    0.248220] evm: security.selinux
[    0.252003] evm: security.SMACK64
[    0.256002] evm: security.SMACK64EXEC
[    0.260002] evm: security.SMACK64TRANSMUTE
[    0.264002] evm: security.SMACK64MMAP
[    0.268003] evm: security.apparmor
[    0.272002] evm: security.ima
[    0.276002] evm: security.capability
[    0.280190] clocksource: jiffies: mask: 0xffffffff max_cycles: 0xffffffff, max_idle_ns: 7645041785100000 ns
[    0.284011] futex hash table entries: 512 (order: 3, 32768 bytes)
[    0.292124] pinctrl core: initialized pinctrl subsystem
[    0.300003] RTC time: 10:32:41, date: 11/14/18
[    0.304730] NET: Registered protocol family 16
[    0.308092] audit: initializing netlink subsys (disabled)
[    0.312308] audit: type=2000 audit(1542191574.420:1): state=initialized audit_enabled=0 res=1
[    0.360015] cpuidle: using governor ladder
[    0.364016] cpuidle: using governor menu
[    0.368088] ACPI: bus type PCI registered
[    0.372007] acpiphp: ACPI Hot Plug PCI Controller Driver version: 0.5
[    0.377608] PCI: Using configuration type 1 for base access
[    0.388180] HugeTLB registered 2.00 MiB page size, pre-allocated 0 pages
[    0.396184] ACPI: Added _OSI(Module Device)
[    0.400004] ACPI: Added _OSI(Processor Device)
[    0.404004] ACPI: Added _OSI(3.0 _SCP Extensions)
[    0.408004] ACPI: Added _OSI(Processor Aggregator Device)
[    0.412005] ACPI: Added _OSI(Linux-Dell-Video)
[    0.416006] ACPI: Added _OSI(Linux-Lenovo-NV-HDMI-Audio)
[    0.424620] ACPI: Executed 1 blocks of module-level executable AML code
[    0.437156] ACPI: Interpreter enabled
[    0.440014] ACPI: (supports S0 S5)
[    0.448010] ACPI: Using IOAPIC for interrupt routing
[    0.452799] PCI: Using host bridge windows from ACPI; if necessary, use "pci=nocrs" and report a bug
[    0.457677] ACPI: Enabled 2 GPEs in block 00 to 07
[    0.499519] ACPI: PCI Root Bridge [PCI0] (domain 0000 [bus 00-ff])
[    0.500014] acpi PNP0A03:00: _OSC: OS supports [ASPM ClockPM Segments MSI]
[    0.504043] acpi PNP0A03:00: _OSC: not requesting OS control; OS requires [ExtendedConfig ASPM ClockPM MSI]
[    0.508038] acpi PNP0A03:00: fail to add MMCONFIG information, can't access extended PCI configuration space under this bridge.
[    0.516009] PCI host bridge to bus 0000:00
[    0.520095] pci_bus 0000:00: root bus resource [io  0x0000-0x0cf7 window]
[    0.524031] pci_bus 0000:00: root bus resource [io  0x0d00-0xffff window]
[    0.528009] pci_bus 0000:00: root bus resource [mem 0x000a0000-0x000bffff window]
[    0.532012] pci_bus 0000:00: root bus resource [mem 0x80000000-0xfdffffff window]
[    0.536008] pci_bus 0000:00: root bus resource [bus 00-ff]
[    0.588793] pci 0000:00:01.1: legacy IDE quirk: reg 0x10: [io  0x01f0-0x01f7]
[    0.592007] pci 0000:00:01.1: legacy IDE quirk: reg 0x14: [io  0x03f6]
[    0.596006] pci 0000:00:01.1: legacy IDE quirk: reg 0x18: [io  0x0170-0x0177]
[    0.600007] pci 0000:00:01.1: legacy IDE quirk: reg 0x1c: [io  0x0376]
[    0.936258] pci 0000:00:07.0: quirk: [io  0x4000-0x403f] claimed by PIIX4 ACPI
[    0.972316] pci 0000:00:07.0: quirk: [io  0x4100-0x410f] claimed by PIIX4 SMB
[    1.200000] ACPI: PCI Interrupt Link [LNKA] (IRQs 5 9 10 *11)
[    1.224302] ACPI: PCI Interrupt Link [LNKB] (IRQs 5 9 *10 11)
[    1.245027] ACPI: PCI Interrupt Link [LNKC] (IRQs 5 *9 10 11)
[    1.272291] ACPI: PCI Interrupt Link [LNKD] (IRQs 5 9 10 *11)
[    1.300000] SCSI subsystem initialized
[    1.317088] pci 0000:00:02.0: vgaarb: setting as boot VGA device
[    1.320000] pci 0000:00:02.0: vgaarb: VGA device added: decodes=io+mem,owns=io+mem,locks=none
[    1.368008] pci 0000:00:02.0: vgaarb: bridge control possible
[    1.392003] vgaarb: loaded
[    1.400504] ACPI: bus type USB registered
[    1.424159] usbcore: registered new interface driver usbfs
[    1.452023] usbcore: registered new interface driver hub
[    1.476081] usbcore: registered new device driver usb
[    1.504275] EDAC MC: Ver: 3.0.0
[    1.528293] PCI: Using ACPI for IRQ routing
[    1.557968] NetLabel: Initializing
[    1.572003] NetLabel:  domain hash size = 128
[    1.596003] NetLabel:  protocols = UNLABELED CIPSOv4 CALIPSO
[    1.616104] NetLabel:  unlabeled traffic allowed by default
[    1.641137] clocksource: Switched to clocksource kvm-clock
[    1.722456] VFS: Disk quotas dquot_6.6.0
[    1.739310] VFS: Dquot-cache hash table entries: 512 (order 0, 4096 bytes)
[    1.767585] AppArmor: AppArmor Filesystem Enabled
[    1.786726] pnp: PnP ACPI init
[    1.808188] pnp: PnP ACPI: found 3 devices
[    1.833833] clocksource: acpi_pm: mask: 0xffffff max_cycles: 0xffffff, max_idle_ns: 2085701024 ns
[    1.868906] NET: Registered protocol family 2
[    1.911625] TCP established hash table entries: 16384 (order: 5, 131072 bytes)
[    1.939759] TCP bind hash table entries: 16384 (order: 6, 262144 bytes)
[    1.990869] TCP: Hash tables configured (established 16384 bind 16384)
[    2.016059] UDP hash table entries: 1024 (order: 3, 32768 bytes)
[    2.078962] UDP-Lite hash table entries: 1024 (order: 3, 32768 bytes)
[    2.111600] NET: Registered protocol family 1
[    2.134018] pci 0000:00:00.0: Limiting direct PCI/PCI transfers
[    2.163954] pci 0000:00:01.0: Activating ISA DMA hang workarounds
[    2.194854] pci 0000:00:02.0: Video device with shadowed ROM at [mem 0x000c0000-0x000dffff]
[    2.234400] Unpacking initramfs...
[    3.044635] Freeing initrd memory: 18968K
[    3.069133] platform rtc_cmos: registered platform RTC device (no PNP device found)
[    3.102721] Scanning for low memory corruption every 60 seconds
[    3.132818] Initialise system trusted keyrings
[    3.153184] Key type blacklist registered
[    3.171547] workingset: timestamp_bits=36 max_order=19 bucket_order=0
[    3.200039] zbud: loaded
[    3.212838] squashfs: version 4.0 (2009/01/31) Phillip Lougher
[    3.237741] fuse init (API version 7.26)
[    3.328888] Key type asymmetric registered
[    3.360337] Asymmetric key parser 'x509' registered
[    3.396721] Block layer SCSI generic (bsg) driver version 0.4 loaded (major 246)
[    3.444509] io scheduler noop registered
[    3.466081] io scheduler deadline registered
[    3.484624] io scheduler cfq registered (default)
[    3.511758] ACPI: AC Adapter [AC] (on-line)
[    3.531771] input: Power Button as /devices/LNXSYSTM:00/LNXPWRBN:00/input/input0
[    3.562300] ACPI: Power Button [PWRF]
[    3.578445] input: Sleep Button as /devices/LNXSYSTM:00/LNXSLPBN:00/input/input1
[    3.608388] ACPI: Sleep Button [SLPF]
[    3.626801] Serial: 8250/16550 driver, 32 ports, IRQ sharing enabled
[    3.732324] 00:02: ttyS0 at I/O 0x3f8 (irq = 4, base_baud = 115200) is a 16550A
[    3.790554] Linux agpgart interface v0.103
[    3.817540] loop: module loaded
[    3.839050] scsi host0: ata_piix
[    3.855556] scsi host1: ata_piix
[    3.870163] ata1: PATA max UDMA/33 cmd 0x1f0 ctl 0x3f6 bmdma 0xd000 irq 14
[    3.874080] ata2: PATA max UDMA/33 cmd 0x170 ctl 0x376 bmdma 0xd008 irq 15
[    3.925107] libphy: Fixed MDIO Bus: probed
[    3.942895] tun: Universal TUN/TAP device driver, 1.6
[    3.965438] PPP generic driver version 2.4.2
[    3.983564] ehci_hcd: USB 2.0 'Enhanced' Host Controller (EHCI) Driver
[    4.009660] ehci-pci: EHCI PCI platform driver
[    4.027940] ehci-platform: EHCI generic platform driver
[    4.048946] ohci_hcd: USB 1.1 'Open' Host Controller (OHCI) Driver
[    4.073655] ohci-pci: OHCI PCI platform driver
[    4.091513] ohci-platform: OHCI generic platform driver
[    4.112871] uhci_hcd: USB Universal Host Controller Interface driver
[    4.138842] i8042: PNP: PS/2 Controller [PNP0303:PS2K,PNP0f03:PS2M] at 0x60,0x64 irq 1,12
[    4.142542] serio: i8042 KBD port at 0x60,0x64 irq 1
[    4.142542] serio: i8042 AUX port at 0x60,0x64 irq 12
[    4.220320] mousedev: PS/2 mouse device common for all mice
[    4.251351] input: AT Translated Set 2 keyboard as /devices/platform/i8042/serio0/input/input2
[    4.252193] rtc_cmos rtc_cmos: rtc core: registered rtc_cmos as rtc0
[    4.253789] rtc_cmos rtc_cmos: alarms up to one day, 114 bytes nvram
[    4.253815] i2c /dev entries driver
[    4.253822] pcie_mp2_amd: AMD(R) PCI-E MP2 Communication Driver Version: 1.0
[    4.254037] device-mapper: uevent: version 1.0.3
[    4.254096] device-mapper: ioctl: 4.37.0-ioctl (2017-09-20) initialised: dm-devel@redhat.com
[    4.465738] ledtrig-cpu: registered to indicate activity on CPUs
[    4.496202] NET: Registered protocol family 10
[    4.543407] Segment Routing with IPv6
[    4.563051] NET: Registered protocol family 17
[    4.601141] Key type dns_resolver registered
[    4.628801] RAS: Correctable Errors collector initialized.
[    4.664336] sched_clock: Marking stable (4663826512, 0)->(9111408549, -4447582037)
[    4.728949] registered taskstats version 1
[    4.749158] Loading compiled-in X.509 certificates
[    4.776890] Loaded X.509 cert 'Build time autogenerated kernel key: f3a9ae7fdf18cf897e7c53db8499a9c1252f0be9'
[    4.817247] zswap: loaded using pool lzo/zbud
[    4.854236] Key type big_key registered
[    4.872023] Key type trusted registered
[    4.894040] Key type encrypted registered
[    4.911538] AppArmor: AppArmor sha1 policy hashing enabled
[    4.932393] ima: No TPM chip found, activating TPM-bypass! (rc=-19)
[    4.958508] ima: Allocated hash algorithm: sha1
[    4.979292] evm: HMAC attrs: 0x1
[    4.998677]   Magic number: 10:619:527
[    5.017381] rtc_cmos rtc_cmos: setting system clock to 2018-11-14 10:32:46 UTC (1542191566)
[    5.053414] BIOS EDD facility v0.16 2004-Jun-25, 0 devices found
[    5.080100] EDD information not available.
[    5.108545] Freeing unused kernel memory: 2408K
[    5.140408] Write protecting the kernel read-only data: 20480k
[    5.170222] Freeing unused kernel memory: 2008K
[    5.196850] Freeing unused kernel memory: 1896K
[    5.223632] x86/mm: Checked W+X mappings: passed, no W+X pages found.
[    5.249676] x86/mm: Checking user space page tables
[    5.285774] x86/mm: Checked W+X mappings: passed, no W+X pages found.
Loading, please wait...
starting version 237
[    5.433649] e1000: Intel(R) PRO/1000 Network Driver - version 7.3.21-k8-NAPI
[    5.463094] e1000: Copyright (c) 1999-2006 Intel Corporation.
[    5.502295] Fusion MPT base driver 3.04.20
[    5.521513] Copyright (c) 1999-2008 LSI Corporation
[    5.571623] AVX2 version of gcm_enc/dec engaged.
[    5.593156] AES CTR mode by8 optimization enabled
[    5.664777] Fusion MPT SPI Host driver 3.04.20
[    5.838577] input: ImExPS/2 Generic Explorer Mouse as /devices/platform/i8042/serio1/input/input4
[    7.830807] e1000 0000:00:03.0 eth0: (PCI:33MHz:32-bit) 02:85:b4:6d:51:fa
[    7.864249] e1000 0000:00:03.0 eth0: Intel(R) PRO/1000 Network Connection
[    7.909476] mptbase: ioc0: Initiating bringup
[    8.226255] ioc0: LSI53C1030 A0: Capabilities={Initiator}
[   10.402952] scsi host2: ioc0: LSI53C1030 A0, FwRev=00000000h, Ports=1, MaxQ=256, IRQ=20
[   12.196338] scsi 2:0:0:0: Direct-Access     VBOX     HARDDISK         1.0  PQ: 0 ANSI: 5
[   12.292637] scsi target2:0:0: Beginning Domain Validation
[   12.345061] random: fast init done
[   12.361848] scsi target2:0:0: Domain Validation skipping write tests
[   12.386771] scsi target2:0:0: Ending Domain Validation
[   12.408626] scsi target2:0:0: asynchronous
[   12.432271] scsi 2:0:1:0: Direct-Access     VBOX     HARDDISK         1.0  PQ: 0 ANSI: 5
[   12.848522] scsi target2:0:1: Beginning Domain Validation
[   12.901800] scsi target2:0:1: Domain Validation skipping write tests
[   12.929674] scsi target2:0:1: Ending Domain Validation
[   12.953351] scsi target2:0:1: asynchronous
[   13.018520] sd 2:0:0:0: Attached scsi generic sg0 type 0
[   13.042711] sd 2:0:0:0: [sda] 20971520 512-byte logical blocks: (10.7 GB/10.0 GiB)
[   13.075292] random: systemd-udevd: uninitialized urandom read (16 bytes read)
[   13.106404] sd 2:0:1:0: Attached scsi generic sg1 type 0
[   13.130238] sd 2:0:0:0: [sda] Write Protect is off
[   13.153678] sd 2:0:0:0: [sda] Incomplete mode parameter data
[   13.179510] sd 2:0:0:0: [sda] Assuming drive cache: write through
[   13.206344] sd 2:0:1:0: [sdb] 20480 512-byte logical blocks: (10.5 MB/10.0 MiB)
[   13.243626] random: systemd-udevd: uninitialized urandom read (16 bytes read)
[   13.281663] random: systemd-udevd: uninitialized urandom read (16 bytes read)
[   13.322062] sd 2:0:1:0: [sdb] Write Protect is off
[   13.345903] sd 2:0:1:0: [sdb] Incomplete mode parameter data
[   13.372231] sd 2:0:1:0: [sdb] Assuming drive cache: write through
[   13.402533]  sda: sda1
[   13.422967] sd 2:0:0:0: [sda] Attached SCSI disk
[   13.445614] sd 2:0:1:0: [sdb] Attached SCSI disk
[   14.276091] e1000 0000:00:08.0 eth1: (PCI:33MHz:32-bit) 08:00:27:08:b7:51
[   14.305260] e1000 0000:00:08.0 eth1: Intel(R) PRO/1000 Network Connection
[   14.339074] e1000 0000:00:08.0 enp0s8: renamed from eth1
[   14.434485] e1000 0000:00:03.0 enp0s3: renamed from eth0
Begin: Loading essential drivers ... [   22.196283] raid6: sse2x1   gen()  9117 MB/s
[   22.260224] raid6: sse2x1   xor()  6551 MB/s
[   22.328672] raid6: sse2x2   gen() 11715 MB/s
[   22.392434] raid6: sse2x2   xor()  8324 MB/s
[   22.456197] raid6: sse2x4   gen() 14444 MB/s
[   22.520193] raid6: sse2x4   xor()  9102 MB/s
[   22.584269] raid6: avx2x1   gen() 20208 MB/s
[   22.648565] raid6: avx2x1   xor() 14207 MB/s
[   22.712238] raid6: avx2x2   gen() 23449 MB/s
[   22.776216] raid6: avx2x2   xor() 13908 MB/s
[   22.840255] raid6: avx2x4   gen() 25757 MB/s
[   22.904089] raid6: avx2x4   xor() 15257 MB/s
[   22.933731] raid6: using algorithm avx2x4 gen() 25757 MB/s
[   22.959051] raid6: .... xor() 15257 MB/s, rmw enabled
[   22.985720] raid6: using avx2x2 recovery algorithm
[   23.017289] xor: automatically using best checksumming function   avx       
[   23.053905] async_tx: api initialized (async)
done.
Begin: Running /scripts/init-premount ... done.
Begin: Mounting root file system ... Begin: Running /scripts/local-top ... done.
Begin: Running /scripts/local-premount ... [   23.221898] Btrfs loaded, crc32c=crc32c-intel
Scanning for Btrfs filesystems
done.
Warning: fsck not present, so skipping root file system
[   23.379193] EXT4-fs (sda1): mounted filesystem with ordered data mode. Opts: (null)
done.
Begin: Running /scripts/local-bottom ... done.
Begin: Running /scripts/init-bottom ... done.
[   23.871658] ip_tables: (C) 2000-2006 Netfilter Core Team
[   23.921156] systemd[1]: systemd 237 running in system mode. (+PAM +AUDIT +SELINUX +IMA +APPARMOR +SMACK +SYSVINIT +UTMP +LIBCRYPTSETUP +GCRYPT +GNUTLS +ACL +XZ +LZ4 +SECCOMP +BLKID +ELFUTILS +KMOD -IDN2 +IDN -PCRE2 default-hierarchy=hybrid)
[   24.005672] systemd[1]: Detected virtualization oracle.
[   24.028701] systemd[1]: Detected architecture x86-64.

Welcome to [1mUbuntu 18.04.1 LTS[0m!

[   24.167901] systemd[1]: Set hostname to <ubuntu>.
[   24.231826] systemd[1]: Initializing machine ID from random generator.
[   24.275264] systemd[1]: Installed transient /etc/machine-id file.
[   24.990953] systemd[1]: Created slice User and Session Slice.
[[0;32m  OK  [0m] Created slice User and Session Slice.
[   25.048971] systemd[1]: Reached target User and Group Name Lookups.
[[0;32m  OK  [0m] Reached target User and Group Name Lookups.
[   25.108912] systemd[1]: Set up automount Arbitrary Executable File Formats File System Automount Point.
[[0;32m  OK  [0m] Set up automount Arbitrary Executabâ€¦rmats File System Automount Point.
[   25.187492] systemd[1]: Started Forward Password Requests to Wall Directory Watch.
[[0;32m  OK  [0m] Started Forward Password Requests to Wall Directory Watch.
[[0;32m  OK  [0m] Created slice System Slice.
[[0;32m  OK  [0m] Listening on Journal Socket (/dev/log).
[[0;32m  OK  [0m] Listening on Device-mapper event daemon FIFOs.
[[0;32m  OK  [0m] Listening on udev Kernel Socket.
[[0;32m  OK  [0m] Listening on Journal Socket.
         Starting Load Kernel Modules...
         Starting Uncomplicated firewall...
[[0;32m  OK  [0m] Listening on LVM2 poll daemon socket.
[[0;32m  OK  [0m] Created slice system-serial\x2dgetty.slice.
[[0;32m  OK  [0m] Listening on udev Control Socket.
[[0;32m  OK  [0m] Listening on LVM2 metadata daemon socket.
[[0;32m  OK  [0m] Listening on /dev/initctl Compatibility Named Pipe.
         [   25.470875] Loading iSCSI transport class v2.0-870.
Starting Monitoring of LVM2 mirrorsâ€¦ng dmeventd or progress polling...
         Mounting POSIX Message Queue File System...
[[0;32m  OK  [0m] Reached target Slices.
[[0;32m  OK  [0m] Reached target System Time Synchronized.
         Mounting Huge Pages File System...
[[0;32m  OK  [0m] Listening on Journal Audit Socket.
         Starting Remount Root and Kernel File Systems...
[[0;32m  OK  [0m] [   25.693906] iscsi: registered transport (tcp)
Listening on Syslog Socket.
[   25.721148] EXT4-fs (sda1): re-mounted. Opts: (null)
[   25.744325] random: crng init done
[   25.761763] random: 7 urandom warning(s) missed due to ratelimiting
         Starting Journal Service...
         Starting Create list of required stâ€¦ce nodes for the current kernel...
         Starting Set the console keyboard layout...
         Starting udev Coldplug all Devices...
         Mounting Kernel Debug File System...
[[0;32m  OK  [0m] Reached target Swap.
[[0;32m  OK  [0m] Listening on Network Service Netlink Socket.
[[0;32m  OK  [0m] Started Uncomplicated firewall.
[[0;32m  OK  [0m] Started Journal Service.
[   26.017247] iscsi: registered transport (iser)
[[0;32m  OK  [0m] Mounted POSIX Message Queue File System.
[[0;32m  OK  [0m] Started Load Kernel Modules.
[[0;32m  OK  [0m] Mounted Huge Pages File System.
[[0;32m  OK  [0m] Started Remount Root and Kernel File Systems.
[[0;32m  OK  [0m] Started Create list of required staâ€¦vice nodes for the current kernel.
[[0;32m  OK  [0m] Started Set the console keyboard layout.
[[0;32m  OK  [0m] Mounted Kernel Debug File System.
[[0;32m  OK  [0m] Started LVM2 metadata daemon.
         Starting Create Static Device Nodes in /dev...
         Starting Load/Save Random Seed...
         Starting Initial cloud-init job (pre-networking)...
         Mounting FUSE Control File System...
         Mounting Kernel Configuration File System...
         Starting Apply Kernel Variables...
         Starting Flush Journal to Persistent Storage...
[[0;32m  OK  [0m] Started udev Coldplug all Devices.
[[0;32m  OK  [0m] Started Load/Save Random Seed.
[[0;32m  OK  [0m] Mounted FUSE Control File System.
[[0;32m  OK  [0m] Mounted Kernel Configuration File System.
[[0;32m  OK  [0m] Started Create Static Device Nodes in /dev.
         Starting udev Kernel Device Manager...
[[0;32m  OK  [0m] Started Monitoring of LVM2 mirrors,â€¦sing dmeventd or progress polling.
[[0;32m  OK  [0m] Started Apply Kernel Variables.
[[0;32m  OK  [0m] Reached target Local File Systems (Pre).
[[0;32m  OK  [0m] Reached target Local File Systems.
         Starting Tell Plymouth To Write Out Runtime Data...
         Starting Commit a transient machine-id on disk...
         Starting AppArmor initialization...
         Starting ebtables ruleset management...
         Starting Set console font and keymap...
[[0;32m  OK  [0m] Started Flush Journal to Persistent Storage.
[[0;32m  OK  [0m] Started Tell Plymouth To Write Out Runtime Data.
         Starting Create Volatile Files and Directories...
[[0;32m  OK  [0m] Started Set console font and keymap.
[[0;32m  OK  [0m] Started Commit a transient machine-id on disk.
[[0;32m  OK  [0m] Started Create Volatile Files and Directories.
[[0;32m  OK  [0m] Started udev Kernel Device Manager.
[[0;32m  OK  [0m] Started Dispatch Password Requests to Console Directory Watch.
[[0;32m  OK  [0m] Reached target Local Encrypted Volumes.
         Starting Update UTMP about System Boot/Shutdown...
[[0;32m  OK  [0m] Started ebtables ruleset management.
[[0;32m  OK  [0m] Started Update UTMP about System Boot/Shutdown.
[[0;32m  OK  [0m] Found device /dev/ttyS0.
[[0;32m  OK  [0m] Listening on Load/Save RF Kill Switch Status /dev/rfkill Watch.
[[0;32m  OK  [0m[   30.572759] cloud-init[417]: Cloud-init v. 18.4-0ubuntu1~18.04.1 running 'init-local' at Wed, 14 Nov 2018 10:33:11 +0000. Up 29.87 seconds.
] Started AppArmor initialization.
[[0;32m  OK  [0m] Started Initial cloud-init job (pre-networking).
[[0;32m  OK  [0m] Reached target Network (Pre).
         Starting Network Service...
[[0;32m  OK  [0m] Started Network Service.
         Starting Network Name Resolution...
         Starting Wait for Network to be Configured...
[[0;32m  OK  [0m] Started Network Name Resolution.
[[0;32m  OK  [0m] Reached target Host and Network Name Lookups.
[[0;32m  OK  [0m] Reached target Network.
[[0;32m  OK  [0m] Started Wait for Network to be Configured.
         Starting Initial cloud-init job (metadata service crawler)...
[   34.575689] cloud-init[624]: Cloud-init v. 18.4-0ubuntu1~18.04.1 running 'init' at Wed, 14 Nov 2018 10:33:14 +0000. Up 32.97 seconds.
[   34.629558] cloud-init[624]: [[0;32m  OK  [0m] Started Initial cloud-init job (metadata service crawler).
[[0;32m  OK  [0m] Reached target Cloud-config availability.
[[0;32m  OK  [0m] Reached target System Initialization.
         Starting Socket activation for snappy daemon.
[[0;32m  OK  [0m] Started Message of the Day.
[[0;32m  OK  [0m] Listening on UUID daemon activation socket.
[[0;32m  OK  [0m] Started Daily apt download activities.
[[0;32m  OK  [0m] Started Daily apt upgrade and clean activities.
[[0;32m  OK  [0m] Listening on D-Bus System Message Bus Socket.
ci-info: ++++++++++++++++++++++++++++++++++++++Net device info+++++++++++++++++++++++++++++++++++++++
[[0;32m  OK  [0m] Started ACPI Events Check.
[   34.836377] cloud-init[624]: ci-info: +--------+-------+----------------------------+---------------+--------+-------------------+
[   34.884872] cloud-init[624]: ci-info: | Device |   Up  |          Address           |      Mask     | Scope  |     Hw-Address    |
[   34.885206] cloud-init[624]: ci-info: +--------+-------+----------------------------+---------------+--------+-------------------+
[   34.885266] cloud-init[624]: ci-info: | enp0s3 |  True |         10.0.2.15          | 255.255.255.0 | global | 02:85:b4:6d:51:fa |
[   34.885301] cloud-init[624]: ci-info: | enp0s3 |  True | fe80::85:b4ff:fe6d:51fa/64 |       .       |  link  | 02:85:b4:6d:51:fa |
[   34.885335] cloud-init[624]: ci-info: | enp0s8 | False |             .              |       .       |   .    | 08:00:27:08:b7:51 |
[   34.885368] cloud-init[624]: ci-info: |   lo   |  True |         127.0.0.1          |   255.0.0.0   |  host  |         .         |
[   34.885400] cloud-init[624]: ci-info: |   lo   |  True |          ::1/128           |       .       |  host  |         .         |
[   34.885435] cloud-init[624]: ci-info: +--------+-------+----------------------------+---------------+--------+-------------------+
[   34.885464] cloud-init[624]: ci-info: ++++++++++++++++++++++++++++Route IPv4 info+++++++++++++++++++++++++++++
[   34.885493] cloud-init[624]: ci-info: +-------+-------------+----------+-----------------+-----------+-------+
[   34.885525] cloud-init[624]: ci-info: | Route | Destination | Gateway  |     Genmask     | Interface | Flags |
[   34.885559] cloud-init[624]: ci-info: +-------+-------------+----------+-----------------+-----------+-------+
[   34.885590] cloud-init[624]: ci-info: |   0   |   0.0.0.0   | 10.0.2.2 |     0.0.0.0     |   enp0s3  |   UG  |
[   34.885619] cloud-init[624]: ci-info: |   1   |   10.0.2.0  | 0.0.0.0  |  255.255.255.0  |   enp0s3  |   U   |
[   34.885652] cloud-init[624]: ci-info: |   2   |   10.0.2.2  | 0.0.0.0  | 255.255.255.255 |   enp0s3  |   UH  |
[   34.885733] cloud-init[624]: ci-info: +-------+-------------+----------+-----------------+-----------+-------+
[   34.885765] cloud-init[624]: ci-info: +++++++++++++++++++Route IPv6 info+++++++++++++++++++
[   34.885798] cloud-init[624]: ci-info: +-------+-------------+---------+-----------+-------+
[   34.885832] cloud-init[624]: ci-info: | Route | Destination | Gateway | Interface | Flags |
[   34.885867] cloud-init[624]: ci-info: +-------+-------------+---------+-----------+-------+
[   34.885940] cloud-init[624]: ci-info: |   1   |  fe80::/64  |    ::   |   enp0s3  |   U   |
[   34.885977] cloud-init[624]: ci-info: |   3   |    local    |    ::   |   enp0s3  |   U   |
[   34.886011] cloud-init[624]: ci-info: |   4   |   ff00::/8  |    ::   |   enp0s3  |   U   |
[   34.886043] cloud-init[624]: ci-info: +-------+-------------+---------+-----------+-------+
[   34.886074] cloud-init[624]: Generating public/private rsa key pair.
[   34.886103] cloud-init[624]: Your identification has been saved in /etc/ssh/ssh_host_rsa_key.
[   34.886132] cloud-init[624]: Your public key has been saved in /etc/ssh/ssh_host_rsa_key.pub.
[   34.886247] cloud-init[624]: The key fingerprint is:
[   34.886309] cloud-init[624]: SHA256:pca3mCYWckKAomnQbawdJEK3oNw3tTrpqNTWofscPPw root@ubuntu-bionic
[   34.886346] cloud-init[624]: The key's randomart image is:
[   34.886379] cloud-init[624]: +---[RSA 2048]----+
[   34.886409] cloud-init[624]: |o=o=.  .         |
[   34.886443] cloud-init[624]: |*.=o* . .        |
[   34.886473] cloud-init[624]: |=o *.+ .  .      |
[   34.886503] cloud-init[624]: |o...o +. o       |
[   34.886534] cloud-init[624]: |.   o=o S .      |
[   34.886585] cloud-init[624]: |  . B+oo + .     |
[   34.886633] cloud-init[624]: | . = Bo + .      |
[   34.886712] cloud-init[624]: |. o o.+o         |
[   34.886753] cloud-init[624]: | . ..o E         |
[   34.886786] cloud-init[624]: +----[SHA256]-----+
[   34.886815] cloud-init[624]: Generating public/private dsa key pair.
[   34.886847] cloud-init[624]: Your identification has been saved in /etc/ssh/ssh_host_dsa_key.
[   34.886876] cloud-init[624]: Your public key has been saved in /etc/ssh/ssh_host_dsa_key.pub.[[0;32m  OK  [0m] Reached target Paths.

[[   35.925727] [0;32m  OK  [0m] Listening on ACPID Listen Socket.
[cloud-init[624]: The key fingerprint is:
[0;32m  OK  [0m] Listening on Open-iSCSI iscsid Socket.
[   35.958183] cloud-init[624]: SHA256:HukOQcV+rb5EA2sjMe/AmN+NUhw+vCI6tilMCi4XyYM root@ubuntu-bionic
[[0;32m  OK  [0m] Started Daily Cleanup of Temporary Directories.
[   35.980449]          Starting LXD - unix socket.
cloud-init[[0;32m  OK  [0m] Started Discard unused blocks once a week.
[[0;32m  OK  [0m] Reached target Timers.
[[0;32m  OK  [0m] Reached target Network is Online.
[624]:          Starting Availability of block devices...
[[0;32m  OK  [0m] Reached target Remote File Systems (Pre).
[[0;32m  OK  [0m] Reached target Remote File Systems.
[[0;32m  OK  [0m] Listening on Socket activation for snappy daemon.
The key's randomart image is:
[   36.171025] cloud-init[[0;32m  OK  [0m] Started Availability of block devices.
[[624]: [0;32m  OK  [0m] Listening on LXD - unix socket.
[[0;32m  OK  [0m] Reached target Sockets.
[[0;32m  OK  [0m] Reached target Basic System.
         Starting Permit User Sessions...
         Starting LSB: Record successful boot for GRUB...
         Starting LSB: automatic crash report generation...
+---[DSA 1024]----+         Starting Login Service...
[[0;32m  OK  [0m] Started FUSE filesystem for LXC.
[[0;32m  OK  [0m] Started D-Bus System Message Bus.

[   36.368360] cloud-init[624]: |       ..        |
[   36.406274] cloud-init[624]: |       ..        |         Starting Accounts Service...

[   36.441101] cloud-init[624]: |      +.o  .     |
[   36.456866] cloud-init[624]: |     = B.=. .    |
[   36.474757]          Starting Pollinate to seed the pseudo random number generator...
         Starting System Logging Service...
         Starting Dispatcher daemon for systemd-networkd...
         Starting Virtualbox guest utils...
[[0;32m  OK  [0m] Started Deferred execution scheduler.
cloud-init[624]: | o .o = S.o.     |
[   36.596415] cloud-init[624]: |E.=  . @ O..     |
[   36.610218] cloud-init[624]: |*  o. = B.o      |
[   36.623284] cloud-init[624]: |+o+o . = ..      |
[   36.639528] cloud-init[624]: |.++o    . ..     |
[   36.652178] cloud-init[624]: +----[SHA256]-----+
[   36.665286] cloud-init[624]: Generating public/private ecdsa key pair.
[   36.684655] cloud-init[624]: Your identification has been saved in /etc/ssh/ssh_host_ecdsa_key.
[   36.713362] cloud-init[624]: Your public key has been saved in /etc/ssh/ssh_host_ecdsa_key.pub.
[[0;32m  OK  [0m] Started Regular background program processing daemon.
[   36.747246] cloud-init[624]: The key fingerprint is:
[[0;32m  OK  [0m] Started Unattended Upgrades Shutdown.
[   36.818533] cloud-init[624]: SHA256:4/MYIHlHxyWmqXhn3jPWq4XFVzso3eSQiAL2wxOivlE root@ubuntu-bionic
[   36.877912] cloud-init[624]: The key's randomart image is:
[   36.896906] cloud-init[624]: +---[ECDSA 256]---+
[[0;32m  OK  [0m] Started irqbalance daemon.
[   36.917602] cloud-init[624]: |     + .  o .    |
[   36.972264] cloud-init[624]:          Starting Snappy daemon...
         Starting LXD - container startup/shutdown...
[|    o = .=.o. .  |[0;32m  OK  [0m] Started System Logging Service.
[
[0;32m  OK  [0m] Started Permit User Sessions.
[   37.071750] [[0;32m  OK  [0m] Started Login Service.
cloud-init[624]: |   . E *+.o. o ..|
[   37.127730] cloud-init[624]: |  . .o o+. .. *..|
[   37.158244] cloud-init[624]:          Starting Authorization Manager...
|   o+ = S  .oo.= |         Starting Terminate Plymouth Boot Screen...
         Starting Hold until boot process finishes up...
[[0;32m  OK  [0m] Started Terminate Plymouth Boot Screen.

[   37.265233] cloud-init[624]: |    o+ B o +..  .|[[0;32m  OK  [0m
] [   37.318195] Started Hold until boot process finishes up.
cloud-init[624]: |   .    = * o    |         Starting Set console scheme...

[[0;32m  OK  [0m[   37.405768] cloud-init] Started Serial Getty on ttyS0.[624]: |         * + .   |
[[0;32m  OK  [0m] Started LSB: automatic crash report generation.

[   37.462911] cloud-init[624]: |        . o..    |
[   37.463051] cloud-init[624]: +----[SHA256]-----+
[[   37.463101] [0;32m  OK  [0mcloud-init] Started Authorization Manager.
[624]: Generating public/private ed25519 key pair.
[[0;32m  OK  [0m] Started Accounts Service.
[   37.560012] cloud-init[[0;32m  OK  [0m[624]: ] Started Set console scheme.
[[0;32m  OK  [0m] Created slice system-getty.slice.
[[0;32m  OK  [0m] Started Getty on tty1.
[[0;32m  OK  [0m] Reached target Login Prompts.
Your identification has been saved in /etc/ssh/ssh_host_ed25519_key.
[   37.689705] cloud-init[624]: Your public key has been saved in /etc/ssh/ssh_host_ed25519_key.pub.
[   37.719303] cloud-init[[0;32m  OK  [0m] Started LSB: Record successful boot for GRUB.
[624]: The key fingerprint is:
[   37.781510] cloud-init[624]: SHA256:6VOSf8H+JHHaqKXitpHqrlCBxAKzBfLfyjTDz9IDDBk root@ubuntu-bionic
[   37.863320] cloud-init[624]: The key's randomart image is:
[   37.908589] cloud-init[624]: +--[ED25519 256]--+
[   37.982077] cloud-init[624]: |*oE              |
[   37.998118] cloud-init[624]: |o*.+             |
[   38.015697] cloud-init[624]: |..= .            |
[   38.041782] cloud-init[624]: |   = o   o .     |
[   38.060308] cloud-init[624]: |    X . S . + .  |
[   38.076801] cloud-init[624]: |   + O . = . B   |
[   38.098657] cloud-init[624]: |  . + = = . B o  |
[   38.117843] cloud-init[624]: |   . . ooo = +   |
[   38.137741] cloud-init[624]: |    .++oooo   .  |
[   38.177456] cloud-init[624]: +----[SHA256]-----+
[[0;32m  OK  [0m] Started Virtualbox guest utils.
[[0;32m  OK  [0m] Started Dispatcher daemon for systemd-networkd.
[[0;32m  OK  [0m] Started Snappy daemon.
         Starting Wait until snapd is fully seeded...
[[0;32m  OK  [0m] Started LXD - container startup/shutdown.
[[0;32m  OK  [0m] Started Pollinate to seed the pseudo random number generator.
         Starting OpenBSD Secure Shell server...
[[0;32m  OK  [0m] Started OpenBSD Secure Shell server.
[[0;32m  OK  [0m] Created slice User Slice of vagrant.
         Starting User Manager for UID 1000...
[[0;32m  OK  [0m] Started Session 1 of user vagrant.
[[0;32m  OK  [0m] Started User Manager for UID 1000.
[[0;32m  OK  [0m] Started Wait until snapd is fully seeded.
         Starting Apply the settings specified in cloud-config...
[[0;32m  OK  [0m] Reached target Multi-User System.
[[0;32m  OK  [0m] Reached target Graphical Interface.
         Starting Update UTMP about System Runlevel Changes...
[[0;32m  OK  [0m] Started Update UTMP about System Runlevel Changes.

Ubuntu 18.04.1 LTS ubuntu-bionic ttyS0

ubuntu-bionic login: [   43.677884] cloud-init[1091]: Cloud-init v. 18.4-0ubuntu1~18.04.1 running 'modules:config' at Wed, 14 Nov 2018 10:33:23 +0000. Up 42.03 seconds.
ci-info: no authorized ssh keys fingerprints found for user ubuntu.
<14>Nov 14 10:33:26 ec2: 
<14>Nov 14 10:33:26 ec2: #############################################################
<14>Nov 14 10:33:26 ec2: -----BEGIN SSH HOST KEY FINGERPRINTS-----
<14>Nov 14 10:33:26 ec2: 1024 SHA256:HukOQcV+rb5EA2sjMe/AmN+NUhw+vCI6tilMCi4XyYM root@ubuntu-bionic (DSA)
<14>Nov 14 10:33:26 ec2: 256 SHA256:4/MYIHlHxyWmqXhn3jPWq4XFVzso3eSQiAL2wxOivlE root@ubuntu-bionic (ECDSA)
<14>Nov 14 10:33:26 ec2: 256 SHA256:6VOSf8H+JHHaqKXitpHqrlCBxAKzBfLfyjTDz9IDDBk root@ubuntu-bionic (ED25519)
<14>Nov 14 10:33:26 ec2: 2048 SHA256:pca3mCYWckKAomnQbawdJEK3oNw3tTrpqNTWofscPPw root@ubuntu-bionic (RSA)
<14>Nov 14 10:33:26 ec2: -----END SSH HOST KEY FINGERPRINTS-----
<14>Nov 14 10:33:26 ec2: #############################################################
-----BEGIN SSH HOST KEY KEYS-----
ecdsa-sha2-nistp256 AAAAE2VjZHNhLXNoYTItbmlzdHAyNTYAAAAIbmlzdHAyNTYAAABBBCsFiYUopLVdGAsdaHUo5bf0CZ6SF0uGHnqsVmymmF88RSVIcf1X3R9QuwCxLbf+myOyhUjN9tN0mfyw75eJv30= root@ubuntu-bionic
ssh-ed25519 AAAAC3NzaC1lZDI1NTE5AAAAIECoodYYBk6Ql7it9isIWOTyaOtC5qy2fsOJWYXuLPwi root@ubuntu-bionic
ssh-rsa AAAAB3NzaC1yc2EAAAADAQABAAABAQC1BMuHXLqsWqPfms1vtIOLYiAKO4FYmVxL+vsO4qUYdXh1nMbcEb6yAYl9DG3Y8oj2gUAI4kLdgCAOhQUZe7WDJh5kK98kAcrNWVgM0IEFFsTlnG4Hfm/il4LkgJETu7v4tRC+07wtWPHPXsvo++kLytoWVP/TfrYST9jUD+AcM6msEvTEWSSKE7zFtswmclB0Fjt3N+vcZkuICS0siKXGUMOaABYaRRkpkvHxKUQN8+Dz5XeTPqa8SRhyh7LWumE6RaODFHsXQ06eecPdvj98VIJyKj6Ao0JBlUVNtBk9iWmeeLCJ0xwlnn0mHWBcRBjnQIJUvNTkBS8wsVO8lir3 root@ubuntu-bionic
-----END SSH HOST KEY KEYS-----
[   44.745386] cloud-init[1216]: Cloud-init v. 18.4-0ubuntu1~18.04.1 running 'modules:final' at Wed, 14 Nov 2018 10:33:25 +0000. Up 44.35 seconds.
[   44.746190] cloud-init[1216]: ci-info: no authorized ssh keys fingerprints found for user ubuntu.
[   44.746229] cloud-init[1216]: Cloud-init v. 18.4-0ubuntu1~18.04.1 finished at Wed, 14 Nov 2018 10:33:26 +0000. Datasource DataSourceNoCloud [seed=/dev/sdb][dsmode=net].  Up 44.73 seconds
